// Jest Snapshot v1, https://goo.gl/fbAQLP

exports[`AdminFormPage renders 1`] = `
<Component>
  <FocusLock>
    <n
      autoHeight={true}
      autoHeightMax="100vh"
    >
      <CreateStatementForm />
    </n>
  </FocusLock>
</Component>
`;
