// Jest Snapshot v1, https://goo.gl/fbAQLP

exports[`StatementTurnoverScrollerPage renders 1`] = `<StatementTurnoverScrollerPage />`;
