// Jest Snapshot v1, https://goo.gl/fbAQLP

exports[`StatementHistoryScrollerPage renders 1`] = `<StatementHistoryScrollerPage />`;
