// Jest Snapshot v1, https://goo.gl/fbAQLP

exports[`AdminScrollerPage renders 1`] = `
<t>
  Админский скроллер
</t>
`;
